> Executing step 0
>> Running router on /home/miguel/6.Projects/Thesis/data/DUE/dueIterate/trips_dueIterate.xml
>>> Begin time: 2026-05-21 18:34:55.093958
>>> End time: 2026-05-21 18:34:55.175276
>>> Duration: 0:00:00.081318
<<
>> Running simulation
>>> Begin time: 2026-05-21 18:34:55.175335
>>> End time: 2026-05-21 18:34:56.921700
>>> Duration: 0:00:01.746365
<<
< Step 0 ended (duration: 0:00:01.827857)
------------------

> Executing step 1
>> Running router on 000/trips_dueIterate_000.rou.alt.xml.gz
>>> Begin time: 2026-05-21 18:34:56.923028
>>> End time: 2026-05-21 18:34:57.025838
>>> Duration: 0:00:00.102810
<<
>> Running simulation
>>> Begin time: 2026-05-21 18:34:57.025882
>>> End time: 2026-05-21 18:34:59.003526
>>> Duration: 0:00:01.977644
<<
< Step 1 ended (duration: 0:00:02.080571)
------------------

> Executing step 2
>> Running router on 001/trips_dueIterate_001.rou.alt.xml.gz
>>> Begin time: 2026-05-21 18:34:59.005075
>>> End time: 2026-05-21 18:34:59.112778
>>> Duration: 0:00:00.107703
<<
>> Running simulation
>>> Begin time: 2026-05-21 18:34:59.112833
>>> End time: 2026-05-21 18:35:00.972738
>>> Duration: 0:00:01.859905
<<
< Step 2 ended (duration: 0:00:01.967780)
------------------

> Executing step 3
>> Running router on 002/trips_dueIterate_002.rou.alt.xml.gz
>>> Begin time: 2026-05-21 18:35:00.974128
>>> End time: 2026-05-21 18:35:01.079614
>>> Duration: 0:00:00.105486
<<
>> Running simulation
>>> Begin time: 2026-05-21 18:35:01.079674
>>> End time: 2026-05-21 18:35:02.950751
>>> Duration: 0:00:01.871077
<<
< Step 3 ended (duration: 0:00:01.976728)
------------------

> Executing step 4
>> Running router on 003/trips_dueIterate_003.rou.alt.xml.gz
>>> Begin time: 2026-05-21 18:35:02.952116
>>> End time: 2026-05-21 18:35:03.055130
>>> Duration: 0:00:00.103014
<<
>> Running simulation
>>> Begin time: 2026-05-21 18:35:03.055220
>>> End time: 2026-05-21 18:35:05.013072
>>> Duration: 0:00:01.957852
<<
< Step 4 ended (duration: 0:00:02.061029)
------------------

> Executing step 5
>> Running router on 004/trips_dueIterate_004.rou.alt.xml.gz
>>> Begin time: 2026-05-21 18:35:05.014270
>>> End time: 2026-05-21 18:35:05.122358
>>> Duration: 0:00:00.108088
<<
>> Running simulation
>>> Begin time: 2026-05-21 18:35:05.122406
