-------------------------------------------------------------------------------
['/home/miguel/software/sumo-1.26.0/bin/duarouter', '-c', '000/iteration_000_trips.duarcfg']
Success.
-------------------------------------------------------------------------------
['/home/miguel/software/sumo-1.26.0/bin/sumo', '-c', '000/iteration_000.sumocfg']
Loading net-file from '/home/miguel/6.Projects/Thesis/sumo/net/Popular/Sioux_Falls.net.xml' ... done (7ms).
Loading additional-files from '000/../edgedata.add.xml' ... done (1ms).
Loading route-files incrementally from '000/trips_000.rou.xml.gz'
Loading done.
Simulation version 1.26.0 started with time: 0.00.
Simulation ended at time: 3992.60.
Reason: All vehicles have left the simulation.
Performance:
 Duration: 4.33s
 Real time factor: 922.931
 UPS: 393234.858992
Vehicles:
 Inserted: 1500
 Running: 0
 Waiting: 0
-------------------------------------------------------------------------------
['/home/miguel/software/sumo-1.26.0/bin/duarouter', '-c', '001/iteration_001_trips_000.duarcfg']
Success.
-------------------------------------------------------------------------------
['/home/miguel/software/sumo-1.26.0/bin/sumo', '-c', '001/iteration_001.sumocfg']
Loading net-file from '/home/miguel/6.Projects/Thesis/sumo/net/Popular/Sioux_Falls.net.xml' ... done (7ms).
Loading additional-files from '001/../edgedata.add.xml' ... done (0ms).
Loading route-files incrementally from '001/trips_001.rou.xml.gz'
Loading done.
Simulation version 1.26.0 started with time: 0.00.
Simulation ended at time: 4005.50.
Reason: All vehicles have left the simulation.
Performance:
 Duration: 4.09s
 Real time factor: 979.579
 UPS: 376474.932746
Vehicles:
 Inserted: 1500
 Running: 0
 Waiting: 0
-------------------------------------------------------------------------------
['/home/miguel/software/sumo-1.26.0/bin/duarouter', '-c', '002/iteration_002_trips_001.duarcfg']
Warning: No interval matches passed time=26.71 in edge 'E16_17_NB'.
 Using edge's length / max speed.
Success.
-------------------------------------------------------------------------------
['/home/miguel/software/sumo-1.26.0/bin/sumo', '-c', '002/iteration_002.sumocfg']
Loading net-file from '/home/miguel/6.Projects/Thesis/sumo/net/Popular/Sioux_Falls.net.xml' ... done (6ms).
Loading additional-files from '002/../edgedata.add.xml' ... done (1ms).
Loading route-files incrementally from '002/trips_002.rou.xml.gz'
Loading done.
Simulation version 1.26.0 started with time: 0.00.
Simulation ended at time: 4001.80.
Reason: All vehicles have left the simulation.
Performance:
 Duration: 4.07s
 Real time factor: 983.727
 UPS: 374330.875123
Vehicles:
 Inserted: 1500
 Running: 0
 Waiting: 0
-------------------------------------------------------------------------------
['/home/miguel/software/sumo-1.26.0/bin/duarouter', '-c', '003/iteration_003_trips_002.duarcfg']
Warning: No interval matches passed time=26.97 in edge 'E16_17_NB'.
 Using edge's length / max speed.
Success.
-------------------------------------------------------------------------------
['/home/miguel/software/sumo-1.26.0/bin/sumo', '-c', '003/iteration_003.sumocfg']
Loading net-file from '/home/miguel/6.Projects/Thesis/sumo/net/Popular/Sioux_Falls.net.xml' ... done (6ms).
Loading additional-files from '003/../edgedata.add.xml' ... done (0ms).
Loading route-files incrementally from '003/trips_003.rou.xml.gz'
Loading done.
Simulation version 1.26.0 started with time: 0.00.
Simulation ended at time: 3997.80.
Reason: All vehicles have left the simulation.
Performance:
 Duration: 4.07s
 Real time factor: 981.778
 UPS: 378322.937132
Vehicles:
 Inserted: 1500
 Running: 0
 Waiting: 0
-------------------------------------------------------------------------------
['/home/miguel/software/sumo-1.26.0/bin/duarouter', '-c', '004/iteration_004_trips_003.duarcfg']
Warning: No interval matches passed time=37.51 in edge 'E10_16_WB'.
 Using edge's length / max speed.
Success.
-------------------------------------------------------------------------------
['/home/miguel/software/sumo-1.26.0/bin/sumo', '-c', '004/iteration_004.sumocfg']
Loading net-file from '/home/miguel/6.Projects/Thesis/sumo/net/Popular/Sioux_Falls.net.xml' ... done (7ms).
Loading additional-files from '004/../edgedata.add.xml' ... done (0ms).
Loading route-files incrementally from '004/trips_004.rou.xml.gz'
Loading done.
Simulation version 1.26.0 started with time: 0.00.
Simulation ended at time: 3995.80.
Reason: All vehicles have left the simulation.
Performance:
 Duration: 4.16s
 Real time factor: 960.529
 UPS: 367726.923077
Vehicles:
 Inserted: 1500
 Running: 0
 Waiting: 0
-------------------------------------------------------------------------------
['/home/miguel/software/sumo-1.26.0/bin/duarouter', '-c', '005/iteration_005_trips_004.duarcfg']
Warning: No interval matches passed time=37.48 in edge 'E10_16_WB'.
 Using edge's length / max speed.
Success.
-------------------------------------------------------------------------------
['/home/miguel/software/sumo-1.26.0/bin/sumo', '-c', '005/iteration_005.sumocfg']
Loading net-file from '/home/miguel/6.Projects/Thesis/sumo/net/Popular/Sioux_Falls.net.xml' ... done (7ms).
Loading additional-files from '005/../edgedata.add.xml' ... done (0ms).
Loading route-files incrementally from '005/trips_005.rou.xml.gz'
Loading done.
Simulation version 1.26.0 started with time: 0.00.
Simulation ended at time: 3985.30.
Reason: All vehicles have left the simulation.
Performance:
 Duration: 4.26s
 Real time factor: 935.297
 UPS: 358243.135414
Vehicles:
 Inserted: 1500
 Running: 0
 Waiting: 0
-------------------------------------------------------------------------------
['/home/miguel/software/sumo-1.26.0/bin/duarouter', '-c', '006/iteration_006_trips_005.duarcfg']
Warning: No interval matches passed time=37.48 in edge 'E10_16_WB'.
 Using edge's length / max speed.
Success.
-------------------------------------------------------------------------------
['/home/miguel/software/sumo-1.26.0/bin/sumo', '-c', '006/iteration_006.sumocfg']
Loading net-file from '/home/miguel/6.Projects/Thesis/sumo/net/Popular/Sioux_Falls.net.xml' ... done (9ms).
Loading additional-files from '006/../edgedata.add.xml' ... done (1ms).
Loading route-files incrementally from '006/trips_006.rou.xml.gz'
Loading done.
Simulation version 1.26.0 started with time: 0.00.
Simulation ended at time: 4000.30.
Reason: All vehicles have left the simulation.
Performance:
 Duration: 4.28s
 Real time factor: 933.995
 UPS: 355671.958907
Vehicles:
 Inserted: 1500
 Running: 0
 Waiting: 0
-------------------------------------------------------------------------------
['/home/miguel/software/sumo-1.26.0/bin/duarouter', '-c', '007/iteration_007_trips_006.duarcfg']
Warning: No interval matches passed time=37.50 in edge 'E10_16_WB'.
 Using edge's length / max speed.
Success.
-------------------------------------------------------------------------------
['/home/miguel/software/sumo-1.26.0/bin/sumo', '-c', '007/iteration_007.sumocfg']
Loading net-file from '/home/miguel/6.Projects/Thesis/sumo/net/Popular/Sioux_Falls.net.xml' ... done (6ms).
Loading additional-files from '007/../edgedata.add.xml' ... done (1ms).
Loading route-files incrementally from '007/trips_007.rou.xml.gz'
Loading done.
Simulation version 1.26.0 started with time: 0.00.
Simulation ended at time: 3989.40.
Reason: All vehicles have left the simulation.
Performance:
 Duration: 4.24s
 Real time factor: 940.896
 UPS: 358038.915094
Vehicles:
 Inserted: 1500
 Running: 0
 Waiting: 0
-------------------------------------------------------------------------------
['/home/miguel/software/sumo-1.26.0/bin/duarouter', '-c', '008/iteration_008_trips_007.duarcfg']
Warning: No interval matches passed time=37.50 in edge 'E10_16_WB'.
 Using edge's length / max speed.
Success.
-------------------------------------------------------------------------------
['/home/miguel/software/sumo-1.26.0/bin/sumo', '-c', '008/iteration_008.sumocfg']
Loading net-file from '/home/miguel/6.Projects/Thesis/sumo/net/Popular/Sioux_Falls.net.xml' ... done (7ms).
Loading additional-files from '008/../edgedata.add.xml' ... done (0ms).
Loading route-files incrementally from '008/trips_008.rou.xml.gz'
Loading done.
Simulation version 1.26.0 started with time: 0.00.
Simulation ended at time: 3978.70.
Reason: All vehicles have left the simulation.
Performance:
 Duration: 4.32s
 Real time factor: 921.209
 UPS: 354542.486687
Vehicles:
 Inserted: 1500
 Running: 0
 Waiting: 0
-------------------------------------------------------------------------------
['/home/miguel/software/sumo-1.26.0/bin/duarouter', '-c', '009/iteration_009_trips_008.duarcfg']
Warning: No interval matches passed time=37.50 in edge 'E10_16_WB'.
 Using edge's length / max speed.
Success.
-------------------------------------------------------------------------------
['/home/miguel/software/sumo-1.26.0/bin/sumo', '-c', '009/iteration_009.sumocfg']
Loading net-file from '/home/miguel/6.Projects/Thesis/sumo/net/Popular/Sioux_Falls.net.xml' ... done (7ms).
Loading additional-files from '009/../edgedata.add.xml' ... done (1ms).
Loading route-files incrementally from '009/trips_009.rou.xml.gz'
Loading done.
Simulation version 1.26.0 started with time: 0.00.
Simulation ended at time: 4004.50.
Reason: All vehicles have left the simulation.
Performance:
 Duration: 4.25s
 Real time factor: 941.792
 UPS: 356689.793039
Vehicles:
 Inserted: 1500
 Running: 0
 Waiting: 0
